// Jest Snapshot v1, https://goo.gl/fbAQLP

exports[`Pruebas en <RealExampleRef /> debe mostrarse correctamente 1`] = `
<div>
  <h1>
    Real Reef
  </h1>
  <hr />
  <button
    className="btn btn-success mt-5"
    onClick={[Function]}
  >
    Mostrar/Ocultar
  </button>
</div>
`;
